INFO:     Started server process [10111]
INFO:     Waiting for application startup.
INFO:main:Starting MQTT Service...
INFO:main:Starting RL Agent...
INFO:rl_agent:RL Agent Activated (Autonomous Mode)
INFO:     Application startup complete.
INFO:     Uvicorn running on http://0.0.0.0:8000 (Press CTRL+C to quit)
INFO:mqtt_client:Connected to MQTT Broker
INFO:     127.0.0.1:47512 - "WebSocket /ws" [accepted]
INFO:     connection open
INFO:     connection closed
INFO:     127.0.0.1:47514 - "WebSocket /ws" [accepted]
INFO:     connection open
INFO:     connection closed
INFO:     Shutting down
INFO:     Waiting for application shutdown.
INFO:main:Stopping RL Agent...
INFO:main:Stopping MQTT Service...
INFO:     Application shutdown complete.
INFO:     Finished server process [10111]
